QPainter::begin: Paint device returned engine == 0, type: 3
QPainter::setBrush: Painter not active
QPainter::setPen: Painter not active
QPainter::drawRects: Painter not active
QPainter::setBrush: Painter not active
QPainter::setPen: Painter not active
QPainter::setBrush: Painter not active
QPainter::setPen: Painter not active
QPainter::setBrush: Painter not active
QPainter::setPen: Painter not active
QPainter::setBrush: Painter not active
QPainter::setPen: Painter not active
QPainter::setBrush: Painter not active
QPainter::setPen: Painter not active
QPainter::setBrush: Painter not active
QPainter::setPen: Painter not active
QPainter::setBrush: Painter not active
QPainter::setPen: Painter not active
QPainter::setBrush: Painter not active
QPainter::setPen: Painter not active
QPainter::setBrush: Painter not active
QPainter::setPen: Painter not active
QPainter::setBrush: Painter not active
QPainter::setPen: Painter not active
QPainter::setBrush: Painter not active
QPainter::setPen: Painter not active
QPainter::setBrush: Painter not active
QPainter::setPen: Painter not active
QPainter::setBrush: Painter not active
QPainter::setPen: Painter not active
QPainter::setBrush: Painter not active
QPainter::setPen: Painter not active
QPainter::setBrush: Painter not active
QPainter::setPen: Painter not active
QPainter::setBrush: Painter not active
QPainter::setPen: Painter not active
QPainter::setBrush: Painter not active
QPainter::setPen: Painter not active
QPainter::setBrush: Painter not active
QPainter::setPen: Painter not active
QPainter::setBrush: Painter not active
QPainter::setPen: Painter not active
QPainter::setBrush: Painter not active
QPainter::setPen: Painter not active
QPainter::setBrush: Painter not active
QPainter::setPen: Painter not active
QPainter::setBrush: Painter not active
QPainter::setPen: Painter not active
QPainter::setBrush: Painter not active
QPainter::setPen: Painter not active
QPainter::setBrush: Painter not active
QPainter::setPen: Painter not active
QPainter::setBrush: Painter not active
QPainter::setPen: Painter not active
QPainter::setBrush: Painter not active
QPainter::setPen: Painter not active
QPainter::setBrush: Painter not active
QPainter::setPen: Painter not active
QPainter::setBrush: Painter not active
QPainter::setPen: Painter not active
QPainter::setBrush: Painter not active
QPainter::setPen: Painter not active
QPainter::setBrush: Painter not active
QPainter::setPen: Painter not active
QPainter::setBrush: Painter not active
QPainter::setPen: Painter not active
QPainter::setBrush: Painter not active
QPainter::setPen: Painter not active
QPainter::setBrush: Painter not active
QPainter::setPen: Painter not active
QPainter::setBrush: Painter not active
QPainter::setPen: Painter not active
QPainter::setBrush: Painter not active
QPainter::setPen: Painter not active
QPainter::setBrush: Painter not active
QPainter::setPen: Painter not active
QPainter::setBrush: Painter not active
QPainter::setPen: Painter not active
QPainter::setBrush: Painter not active
QPainter::setPen: Painter not active
QPainter::setBrush: Painter not active
QPainter::setPen: Painter not active
QPainter::setBrush: Painter not active
QPainter::setPen: Painter not active
QPainter::setBrush: Painter not active
QPainter::setPen: Painter not active
QPainter::setBrush: Painter not active
QPainter::setPen: Painter not active
QPainter::setBrush: Painter not active
QPainter::setPen: Painter not active
QPainter::setBrush: Painter not active
QPainter::setPen: Painter not active
QPainter::setBrush: Painter not active
QPainter::setPen: Painter not active
QPainter::setBrush: Painter not active
QPainter::setPen: Painter not active
QPainter::setBrush: Painter not active
QPainter::setPen: Painter not active
QPainter::setBrush: Painter not active
QPainter::setPen: Painter not active
QPainter::setBrush: Painter not active
QPainter::setPen: Painter not active
QPainter::setBrush: Painter not active
QPainter::setPen: Painter not active
QPainter::setBrush: Painter not active
QPainter::setPen: Painter not active
QPainter::setBrush: Painter not active
QPainter::setPen: Painter not active
QPainter::setBrush: Painter not active
QPainter::setPen: Painter not active
QPainter::setBrush: Painter not active
QPainter::setPen: Painter not active
QPainter::setBrush: Painter not active
QPainter::setPen: Painter not active
QPainter::setBrush: Painter not active
QPainter::setPen: Painter not active
QPainter::setBrush: Painter not active
QPainter::setPen: Painter not active
QPainter::setBrush: Painter not active
QPainter::setPen: Painter not active
QPainter::setBrush: Painter not active
QPainter::setPen: Painter not active
QPainter::setBrush: Painter not active
QPainter::setPen: Painter not active
QPainter::setBrush: Painter not active
QPainter::setPen: Painter not active
QPainter::setBrush: Painter not active
QPainter::setPen: Painter not active
QPainter::setBrush: Painter not active
QPainter::setPen: Painter not active
QPainter::setBrush: Painter not active
QPainter::setPen: Painter not active
QPainter::setBrush: Painter not active
QPainter::setPen: Painter not active
QPainter::setBrush: Painter not active
QPainter::setPen: Painter not active
QPainter::setBrush: Painter not active
QPainter::setPen: Painter not active
QPainter::setBrush: Painter not active
QPainter::setPen: Painter not active
QPainter::setBrush: Painter not active
QPainter::setPen: Painter not active
QPainter::setBrush: Painter not active
QPainter::setPen: Painter not active
QPainter::setBrush: Painter not active
QPainter::setPen: Painter not active
QPainter::setBrush: Painter not active
QPainter::setPen: Painter not active
QPainter::setBrush: Painter not active
QPainter::setPen: Painter not active
QPainter::setBrush: Painter not active
QPainter::setPen: Painter not active
QPainter::setBrush: Painter not active
QPainter::setPen: Painter not active
QPainter::setBrush: Painter not active
QPainter::setPen: Painter not active
QPainter::setBrush: Painter not active
QPainter::setPen: Painter not active
QPainter::setBrush: Painter not active
QPainter::setPen: Painter not active
QPainter::setBrush: Painter not active
QPainter::setPen: Painter not active
QPainter::setBrush: Painter not active
QPainter::setPen: Painter not active
QPainter::setBrush: Painter not active
QPainter::setPen: Painter not active
QPainter::setBrush: Painter not active
QPainter::setPen: Painter not active
QPainter::setBrush: Painter not active
QPainter::setPen: Painter not active
QPainter::setBrush: Painter not active
QPainter::setPen: Painter not active
QPainter::setBrush: Painter not active
QPainter::setPen: Painter not active
QPainter::setBrush: Painter not active
QPainter::setPen: Painter not active
QPainter::setBrush: Painter not active
QPainter::setPen: Painter not active
QPainter::setBrush: Painter not active
QPainter::setPen: Painter not active
QPainter::setBrush: Painter not active
QPainter::setPen: Painter not active
QPainter::setBrush: Painter not active
QPainter::setPen: Painter not active
QPainter::setBrush: Painter not active
QPainter::setPen: Painter not active
QPainter::setBrush: Painter not active
QPainter::setPen: Painter not active
QPainter::setBrush: Painter not active
QPainter::setPen: Painter not active
QPainter::setBrush: Painter not active
QPainter::setPen: Painter not active
QPainter::setBrush: Painter not active
QPainter::setPen: Painter not active
QPainter::setBrush: Painter not active
QPainter::setPen: Painter not active
QPainter::setBrush: Painter not active
QPainter::setPen: Painter not active
QPainter::setBrush: Painter not active
QPainter::setPen: Painter not active
QPainter::setBrush: Painter not active
QPainter::setPen: Painter not active
QPainter::setBrush: Painter not active
QPainter::setPen: Painter not active
QPainter::setBrush: Painter not active
QPainter::setPen: Painter not active
QPainter::setBrush: Painter not active
QPainter::setPen: Painter not active
QPainter::setBrush: Painter not active
QPainter::setPen: Painter not active
QPainter::setBrush: Painter not active
QPainter::setPen: Painter not active
QPainter::setBrush: Painter not active
QPainter::setPen: Painter not active
QPainter::setBrush: Painter not active
QPainter::setPen: Painter not active
QPainter::setBrush: Painter not active
QPainter::setPen: Painter not active
QPainter::setBrush: Painter not active
QPainter::setPen: Painter not active
QPainter::setBrush: Painter not active
QPainter::setPen: Painter not active
QPainter::setBrush: Painter not active
QPainter::setPen: Painter not active
QPainter::setBrush: Painter not active
QPainter::setPen: Painter not active
QPainter::setBrush: Painter not active
QPainter::setPen: Painter not active
QPainter::setBrush: Painter not active
QPainter::setPen: Painter not active
QPainter::setBrush: Painter not active
QPainter::setPen: Painter not active
QPainter::setBrush: Painter not active
QPainter::setPen: Painter not active
QPainter::setBrush: Painter not active
QPainter::setPen: Painter not active
QPainter::setBrush: Painter not active
QPainter::setPen: Painter not active
QPainter::setBrush: Painter not active
QPainter::setPen: Painter not active
QPainter::setBrush: Painter not active
QPainter::setPen: Painter not active
QPainter::setBrush: Painter not active
QPainter::setPen: Painter not active
QPainter::setBrush: Painter not active
QPainter::setPen: Painter not active
QPainter::setBrush: Painter not active
QPainter::setPen: Painter not active
QPainter::setBrush: Painter not active
QPainter::setPen: Painter not active
QPainter::setBrush: Painter not active
QPainter::setPen: Painter not active
QPainter::setBrush: Painter not active
QPainter::setPen: Painter not active
QPainter::setBrush: Painter not active
QPainter::setPen: Painter not active
QPainter::setBrush: Painter not active
QPainter::setPen: Painter not active
QPainter::setBrush: Painter not active
QPainter::setPen: Painter not active
QPainter::setBrush: Painter not active
QPainter::setPen: Painter not active
QPainter::setBrush: Painter not active
QPainter::setPen: Painter not active
QPainter::setBrush: Painter not active
QPainter::setPen: Painter not active
QPainter::setBrush: Painter not active
QPainter::setPen: Painter not active
QPainter::setBrush: Painter not active
QPainter::setPen: Painter not active
QPainter::setBrush: Painter not active
QPainter::setPen: Painter not active
QPainter::setBrush: Painter not active
QPainter::setPen: Painter not active
QPainter::setBrush: Painter not active
QPainter::setPen: Painter not active
QPainter::setBrush: Painter not active
QPainter::setPen: Painter not active
QPainter::setBrush: Painter not active
QPainter::setPen: Painter not active
QPainter::setBrush: Painter not active
QPainter::setPen: Painter not active
QPainter::setBrush: Painter not active
QPainter::setPen: Painter not active
QPainter::setBrush: Painter not active
QPainter::setPen: Painter not active
QPainter::setBrush: Painter not active
QPainter::setPen: Painter not active
QPainter::setBrush: Painter not active
QPainter::setPen: Painter not active
QPainter::setBrush: Painter not active
QPainter::setPen: Painter not active
QPainter::setBrush: Painter not active
QPainter::setPen: Painter not active
QPainter::setBrush: Painter not active
QPainter::setPen: Painter not active
QPainter::setBrush: Painter not active
QPainter::setPen: Painter not active
QPainter::setBrush: Painter not active
QPainter::setPen: Painter not active
QPainter::setBrush: Painter not active
QPainter::setPen: Painter not active
QPainter::setBrush: Painter not active
QPainter::setPen: Painter not active
QPainter::setBrush: Painter not active
QPainter::setPen: Painter not active
QPainter::setBrush: Painter not active
QPainter::setPen: Painter not active
QPainter::setBrush: Painter not active
QPainter::setPen: Painter not active
QPainter::setBrush: Painter not active
QPainter::setPen: Painter not active
QPainter::setBrush: Painter not active
QPainter::setPen: Painter not active
QPainter::setBrush: Painter not active
QPainter::setPen: Painter not active
QPainter::setBrush: Painter not active
QPainter::setPen: Painter not active
QPainter::setBrush: Painter not active
QPainter::setPen: Painter not active
QPainter::setBrush: Painter not active
QPainter::setPen: Painter not active
QPainter::setBrush: Painter not active
QPainter::setPen: Painter not active
QPainter::setBrush: Painter not active
QPainter::setPen: Painter not active
QPainter::setBrush: Painter not active
QPainter::setPen: Painter not active
QPainter::setBrush: Painter not active
QPainter::setPen: Painter not active
QPainter::setBrush: Painter not active
QPainter::setPen: Painter not active
QPainter::setBrush: Painter not active
QPainter::setPen: Painter not active
QPainter::setBrush: Painter not active
QPainter::setPen: Painter not active
QPainter::setBrush: Painter not active
QPainter::setPen: Painter not active
QPainter::setBrush: Painter not active
QPainter::setPen: Painter not active
QPainter::setBrush: Painter not active
QPainter::setPen: Painter not active
QPainter::setBrush: Painter not active
QPainter::setPen: Painter not active
QPainter::setBrush: Painter not active
QPainter::setPen: Painter not active
QPainter::setBrush: Painter not active
QPainter::setPen: Painter not active
QPainter::setBrush: Painter not active
QPainter::setPen: Painter not active
QPainter::setBrush: Painter not active
QPainter::setPen: Painter not active
QPainter::setBrush: Painter not active
QPainter::setPen: Painter not active
QPainter::setBrush: Painter not active
QPainter::setPen: Painter not active
QPainter::setBrush: Painter not active
QPainter::setPen: Painter not active
QPainter::setBrush: Painter not active
QPainter::setPen: Painter not active
QPainter::setBrush: Painter not active
QPainter::setPen: Painter not active
QPainter::setBrush: Painter not active
QPainter::setPen: Painter not active
QPainter::setBrush: Painter not active
QPainter::setPen: Painter not active
QPainter::setBrush: Painter not active
QPainter::setPen: Painter not active
QPainter::setBrush: Painter not active
QPainter::setPen: Painter not active
QPainter::setBrush: Painter not active
QPainter::setPen: Painter not active
QPainter::setBrush: Painter not active
QPainter::setPen: Painter not active
QPainter::setBrush: Painter not active
QPainter::setPen: Painter not active
QPainter::setBrush: Painter not active
QPainter::setPen: Painter not active
QPainter::setBrush: Painter not active
QPainter::setPen: Painter not active
QPainter::setBrush: Painter not active
QPainter::setPen: Painter not active
QPainter::setBrush: Painter not active
QPainter::setPen: Painter not active
QPainter::setBrush: Painter not active
QPainter::setPen: Painter not active
QPainter::setBrush: Painter not active
QPainter::setPen: Painter not active
QPainter::setBrush: Painter not active
QPainter::setPen: Painter not active
QPainter::setBrush: Painter not active
QPainter::setPen: Painter not active
QPainter::setBrush: Painter not active
QPainter::setPen: Painter not active
QPainter::setBrush: Painter not active
QPainter::setPen: Painter not active
QPainter::setBrush: Painter not active
QPainter::setPen: Painter not active
QPainter::setBrush: Painter not active
QPainter::setPen: Painter not active
QPainter::setBrush: Painter not active
QPainter::setPen: Painter not active
QPainter::setBrush: Painter not active
QPainter::setPen: Painter not active
QPainter::setBrush: Painter not active
QPainter::setPen: Painter not active
QPainter::setBrush: Painter not active
QPainter::setPen: Painter not active
QPainter::setBrush: Painter not active
QPainter::setPen: Painter not active
QPainter::setBrush: Painter not active
QPainter::setPen: Painter not active
QPainter::setBrush: Painter not active
QPainter::setPen: Painter not active
QPainter::setBrush: Painter not active
QPainter::setPen: Painter not active
QPainter::setBrush: Painter not active
QPainter::setPen: Painter not active
QPainter::setBrush: Painter not active
QPainter::setPen: Painter not active
QPainter::setBrush: Painter not active
QPainter::setPen: Painter not active
QPainter::setBrush: Painter not active
QPainter::setPen: Painter not active
QPainter::setBrush: Painter not active
QPainter::setPen: Painter not active
QPainter::setBrush: Painter not active
QPainter::setPen: Painter not active
QPainter::setBrush: Painter not active
QPainter::setPen: Painter not active
QPainter::setBrush: Painter not active
QPainter::setPen: Painter not active
QPainter::setBrush: Painter not active
QPainter::setPen: Painter not active
QPainter::setBrush: Painter not active
QPainter::setPen: Painter not active
QPainter::setBrush: Painter not active
QPainter::setPen: Painter not active
QPainter::setBrush: Painter not active
QPainter::setPen: Painter not active
QPainter::setBrush: Painter not active
QPainter::setPen: Painter not active
QPainter::setBrush: Painter not active
QPainter::setPen: Painter not active
QPainter::setBrush: Painter not active
QPainter::setPen: Painter not active
QPainter::setBrush: Painter not active
QPainter::setPen: Painter not active
QPainter::setBrush: Painter not active
QPainter::setPen: Painter not active
QPainter::setBrush: Painter not active
QPainter::setPen: Painter not active
QPainter::setBrush: Painter not active
QPainter::setPen: Painter not active
QPainter::setBrush: Painter not active
QPainter::setPen: Painter not active
QPainter::setBrush: Painter not active
QPainter::setPen: Painter not active
QPainter::setBrush: Painter not active
QPainter::setPen: Painter not active
QPainter::setBrush: Painter not active
QPainter::setPen: Painter not active
QPainter::setBrush: Painter not active
QPainter::setPen: Painter not active
QPainter::setBrush: Painter not active
QPainter::setPen: Painter not active
QPainter::setBrush: Painter not active
QPainter::setPen: Painter not active
QPainter::setBrush: Painter not active
QPainter::setPen: Painter not active
QPainter::setBrush: Painter not active
QPainter::setPen: Painter not active
QPainter::setBrush: Painter not active
QPainter::setPen: Painter not active
QPainter::setBrush: Painter not active
QPainter::setPen: Painter not active
QPainter::setBrush: Painter not active
QPainter::setPen: Painter not active
QPainter::setBrush: Painter not active
QPainter::setPen: Painter not active
QPainter::setBrush: Painter not active
QPainter::setPen: Painter not active
QPainter::setBrush: Painter not active
QPainter::setPen: Painter not active
QPainter::setBrush: Painter not active
QPainter::setPen: Painter not active
QPainter::setBrush: Painter not active
QPainter::setPen: Painter not active
QPainter::setBrush: Painter not active
QPainter::setPen: Painter not active
QPainter::setBrush: Painter not active
QPainter::setPen: Painter not active
QPainter::setBrush: Painter not active
QPainter::setPen: Painter not active
QPainter::setBrush: Painter not active
QPainter::setPen: Painter not active
QPainter::setBrush: Painter not active
QPainter::setPen: Painter not active
QPainter::setBrush: Painter not active
QPainter::setPen: Painter not active
QPainter::setBrush: Painter not active
QPainter::setPen: Painter not active
QPainter::setBrush: Painter not active
QPainter::setPen: Painter not active
QPainter::setBrush: Painter not active
QPainter::setPen: Painter not active
QPainter::setBrush: Painter not active
QPainter::setPen: Painter not active
QPainter::setBrush: Painter not active
QPainter::setPen: Painter not active
QPainter::setBrush: Painter not active
QPainter::setPen: Painter not active
QPainter::setBrush: Painter not active
QPainter::setPen: Painter not active
QPainter::setBrush: Painter not active
QPainter::setPen: Painter not active
QPainter::setBrush: Painter not active
QPainter::setPen: Painter not active
QPainter::setBrush: Painter not active
QPainter::setPen: Painter not active
QPainter::setBrush: Painter not active
QPainter::setPen: Painter not active
QPainter::setBrush: Painter not active
QPainter::setPen: Painter not active
QPainter::setBrush: Painter not active
QPainter::setPen: Painter not active
QPainter::setBrush: Painter not active
QPainter::setPen: Painter not active
QPainter::setBrush: Painter not active
QPainter::setPen: Painter not active
QPainter::setBrush: Painter not active
QPainter::setPen: Painter not active
QPainter::setBrush: Painter not active
QPainter::setPen: Painter not active
QPainter::setBrush: Painter not active
QPainter::setPen: Painter not active
QPainter::setBrush: Painter not active
QPainter::setPen: Painter not active
QPainter::setBrush: Painter not active
QPainter::setPen: Painter not active
QPainter::setBrush: Painter not active
QPainter::setPen: Painter not active
QPainter::setBrush: Painter not active
QPainter::setPen: Painter not active
QPainter::setBrush: Painter not active
QPainter::setPen: Painter not active
QPainter::setBrush: Painter not active
QPainter::setPen: Painter not active
QPainter::setBrush: Painter not active
QPainter::setPen: Painter not active
QPainter::setBrush: Painter not active
QPainter::setPen: Painter not active
QPainter::setBrush: Painter not active
QPainter::setPen: Painter not active
QPainter::setBrush: Painter not active
QPainter::setPen: Painter not active
QPainter::setBrush: Painter not active
QPainter::setPen: Painter not active
QPainter::setBrush: Painter not active
QPainter::setPen: Painter not active
QPainter::setBrush: Painter not active
QPainter::setPen: Painter not active
QPainter::setBrush: Painter not active
QPainter::setPen: Painter not active
QPainter::setBrush: Painter not active
QPainter::setPen: Painter not active
QPainter::setBrush: Painter not active
QPainter::setPen: Painter not active
QPainter::setBrush: Painter not active
QPainter::setPen: Painter not active
QPainter::setBrush: Painter not active
QPainter::setPen: Painter not active
QPainter::setBrush: Painter not active
QPainter::setPen: Painter not active
QPainter::setBrush: Painter not active
QPainter::setPen: Painter not active
QPainter::setBrush: Painter not active
QPainter::setPen: Painter not active
QPainter::setBrush: Painter not active
QPainter::setPen: Painter not active
QPainter::setBrush: Painter not active
QPainter::setPen: Painter not active
QPainter::setBrush: Painter not active
QPainter::setPen: Painter not active
QPainter::setBrush: Painter not active
QPainter::setPen: Painter not active
QPainter::setBrush: Painter not active
QPainter::setPen: Painter not active
QPainter::setBrush: Painter not active
QPainter::setPen: Painter not active
QPainter::setBrush: Painter not active
QPainter::setPen: Painter not active
QPainter::setBrush: Painter not active
QPainter::setPen: Painter not active
QPainter::setBrush: Painter not active
QPainter::setPen: Painter not active
QPainter::setBrush: Painter not active
QPainter::setPen: Painter not active
QPainter::setBrush: Painter not active
QPainter::setPen: Painter not active
QPainter::setBrush: Painter not active
QPainter::setPen: Painter not active
QPainter::setBrush: Painter not active
QPainter::setPen: Painter not active
QPainter::setBrush: Painter not active
QPainter::setPen: Painter not active
QPainter::setBrush: Painter not active
QPainter::setPen: Painter not active
QPainter::setBrush: Painter not active
QPainter::setPen: Painter not active
QPainter::setBrush: Painter not active
QPainter::setPen: Painter not active
QPainter::setBrush: Painter not active
QPainter::setPen: Painter not active
QPainter::setBrush: Painter not active
QPainter::setPen: Painter not active
QPainter::setBrush: Painter not active
QPainter::setPen: Painter not active
QPainter::setBrush: Painter not active
QPainter::setPen: Painter not active
QPainter::setBrush: Painter not active
QPainter::setPen: Painter not active
QPainter::setBrush: Painter not active
QPainter::setPen: Painter not active
QPainter::setBrush: Painter not active
QPainter::setPen: Painter not active
QPainter::setBrush: Painter not active
QPainter::setPen: Painter not active
QPainter::setBrush: Painter not active
QPainter::setPen: Painter not active
QPainter::setBrush: Painter not active
QPainter::setPen: Painter not active
QPainter::setBrush: Painter not active
QPainter::setPen: Painter not active
QPainter::setBrush: Painter not active
QPainter::setPen: Painter not active
QPainter::setBrush: Painter not active
QPainter::setPen: Painter not active
QPainter::setBrush: Painter not active
QPainter::setPen: Painter not active
QPainter::setBrush: Painter not active
QPainter::setPen: Painter not active
QPainter::setBrush: Painter not active
QPainter::setPen: Painter not active
QPainter::setBrush: Painter not active
QPainter::setPen: Painter not active
QPainter::setBrush: Painter not active
QPainter::setPen: Painter not active
QPainter::setBrush: Painter not active
QPainter::setPen: Painter not active
QPainter::setBrush: Painter not active
QPainter::setPen: Painter not active
QPainter::setBrush: Painter not active
QPainter::setPen: Painter not active
QPainter::setBrush: Painter not active
QPainter::setPen: Painter not active
QPainter::setBrush: Painter not active
QPainter::setPen: Painter not active
QPainter::setBrush: Painter not active
QPainter::setPen: Painter not active
QPainter::setBrush: Painter not active
QPainter::setPen: Painter not active
QPainter::setBrush: Painter not active
QPainter::setPen: Painter not active
QPainter::setBrush: Painter not active
QPainter::setPen: Painter not active
QPainter::setBrush: Painter not active
QPainter::setPen: Painter not active
QPainter::setBrush: Painter not active
QPainter::setPen: Painter not active
QPainter::setBrush: Painter not active
QPainter::setPen: Painter not active
QPainter::setBrush: Painter not active
QPainter::setPen: Painter not active
QPainter::setBrush: Painter not active
QPainter::setPen: Painter not active
QPainter::setBrush: Painter not active
QPainter::setPen: Painter not active
QPainter::setBrush: Painter not active
QPainter::setPen: Painter not active
QPainter::setBrush: Painter not active
QPainter::setPen: Painter not active
QPainter::setBrush: Painter not active
QPainter::setPen: Painter not active
QPainter::setBrush: Painter not active
QPainter::setPen: Painter not active
QPainter::setBrush: Painter not active
QPainter::setPen: Painter not active
QPainter::setBrush: Painter not active
QPainter::setPen: Painter not active
QPainter::setBrush: Painter not active
QPainter::setPen: Painter not active
QPainter::setBrush: Painter not active
QPainter::setPen: Painter not active
QPainter::setBrush: Painter not active
QPainter::setPen: Painter not active
QPainter::setBrush: Painter not active
QPainter::setPen: Painter not active
QPainter::setBrush: Painter not active
QPainter::setPen: Painter not active
QPainter::setBrush: Painter not active
QPainter::setPen: Painter not active
QPainter::setBrush: Painter not active
QPainter::setPen: Painter not active
QPainter::setBrush: Painter not active
QPainter::setPen: Painter not active
QPainter::setBrush: Painter not active
QPainter::setPen: Painter not active
QPainter::setBrush: Painter not active
QPainter::setPen: Painter not active
QPainter::setBrush: Painter not active
QPainter::setPen: Painter not active
QPainter::setBrush: Painter not active
QPainter::setPen: Painter not active
QPainter::setBrush: Painter not active
QPainter::setPen: Painter not active
QPainter::setBrush: Painter not active
QPainter::setPen: Painter not active
QPainter::setBrush: Painter not active
QPainter::setPen: Painter not active
QPainter::setBrush: Painter not active
QPainter::setPen: Painter not active
QPainter::setBrush: Painter not active
QPainter::setPen: Painter not active
QPainter::setBrush: Painter not active
QPainter::setPen: Painter not active
QPainter::setBrush: Painter not active
QPainter::setPen: Painter not active
QPainter::setBrush: Painter not active
QPainter::setPen: Painter not active
QPainter::setBrush: Painter not active
QPainter::setPen: Painter not active
QPainter::setBrush: Painter not active
QPainter::setPen: Painter not active
QPainter::setBrush: Painter not active
QPainter::setPen: Painter not active
QPainter::setBrush: Painter not active
QPainter::setPen: Painter not active
QPainter::setBrush: Painter not active
QPainter::setPen: Painter not active
QPainter::setBrush: Painter not active
QPainter::setPen: Painter not active
QPainter::setBrush: Painter not active
QPainter::setPen: Painter not active
QPainter::setBrush: Painter not active
QPainter::setPen: Painter not active
QPainter::setBrush: Painter not active
QPainter::setPen: Painter not active
QPainter::setBrush: Painter not active
QPainter::setPen: Painter not active
QPainter::setBrush: Painter not active
QPainter::setPen: Painter not active
QPainter::setBrush: Painter not active
QPainter::setPen: Painter not active
QPainter::setBrush: Painter not active
QPainter::setPen: Painter not active
QPainter::setBrush: Painter not active
QPainter::setPen: Painter not active
QPainter::setBrush: Painter not active
QPainter::setPen: Painter not active
QPainter::setBrush: Painter not active
QPainter::setPen: Painter not active
QPainter::setBrush: Painter not active
QPainter::setPen: Painter not active
QPainter::setBrush: Painter not active
QPainter::setPen: Painter not active
QPainter::setBrush: Painter not active
QPainter::setPen: Painter not active
QPainter::setBrush: Painter not active
QPainter::setPen: Painter not active
QPainter::setBrush: Painter not active
QPainter::setPen: Painter not active
QPainter::setBrush: Painter not active
QPainter::setPen: Painter not active
QPainter::setBrush: Painter not active
QPainter::setPen: Painter not active
QPainter::setBrush: Painter not active
QPainter::setPen: Painter not active
QPainter::setBrush: Painter not active
QPainter::setPen: Painter not active
QPainter::setBrush: Painter not active
QPainter::setPen: Painter not active
QPainter::setBrush: Painter not active
QPainter::setPen: Painter not active
QPainter::setBrush: Painter not active
QPainter::setPen: Painter not active
QPainter::setBrush: Painter not active
QPainter::setPen: Painter not active
QPainter::setBrush: Painter not active
QPainter::setPen: Painter not active
QPainter::setBrush: Painter not active
QPainter::setPen: Painter not active
QPainter::setBrush: Painter not active
QPainter::setPen: Painter not active
QPainter::setBrush: Painter not active
QPainter::setPen: Painter not active
QPainter::setBrush: Painter not active
QPainter::setPen: Painter not active
QPainter::setBrush: Painter not active
QPainter::setPen: Painter not active
QPainter::setBrush: Painter not active
QPainter::setPen: Painter not active
QPainter::setBrush: Painter not active
QPainter::setPen: Painter not active
QPainter::setBrush: Painter not active
QPainter::setPen: Painter not active
QPainter::setBrush: Painter not active
QPainter::setPen: Painter not active
QPainter::setBrush: Painter not active
QPainter::setPen: Painter not active
QPainter::setBrush: Painter not active
QPainter::setPen: Painter not active
QPainter::setBrush: Painter not active
QPainter::setPen: Painter not active
QPainter::setBrush: Painter not active
QPainter::setPen: Painter not active
QPainter::setBrush: Painter not active
QPainter::setPen: Painter not active
QPainter::setBrush: Painter not active
QPainter::setPen: Painter not active
QPainter::setBrush: Painter not active
QPainter::setPen: Painter not active
QPainter::setBrush: Painter not active
QPainter::setPen: Painter not active
QPainter::setBrush: Painter not active
QPainter::setPen: Painter not active
QPainter::setBrush: Painter not active
QPainter::setPen: Painter not active
QPainter::setBrush: Painter not active
QPainter::setPen: Painter not active
QPainter::setBrush: Painter not active
QPainter::setPen: Painter not active
QPainter::setBrush: Painter not active
QPainter::setPen: Painter not active
QPainter::setBrush: Painter not active
QPainter::setPen: Painter not active
QPainter::setBrush: Painter not active
QPainter::setPen: Painter not active
QPainter::setBrush: Painter not active
QPainter::setPen: Painter not active
QPainter::setBrush: Painter not active
QPainter::setPen: Painter not active
QPainter::setBrush: Painter not active
QPainter::setPen: Painter not active
QPainter::setBrush: Painter not active
QPainter::setPen: Painter not active
QPainter::setBrush: Painter not active
QPainter::setPen: Painter not active
QPainter::setBrush: Painter not active
QPainter::setPen: Painter not active
QPainter::setBrush: Painter not active
QPainter::setPen: Painter not active
QPainter::setBrush: Painter not active
QPainter::setPen: Painter not active
QPainter::setBrush: Painter not active
QPainter::setPen: Painter not active
QPainter::setBrush: Painter not active
QPainter::setPen: Painter not active
QPainter::setBrush: Painter not active
QPainter::setPen: Painter not active
QPainter::setBrush: Painter not active
QPainter::setPen: Painter not active
QPainter::setBrush: Painter not active
QPainter::setPen: Painter not active
QPainter::setBrush: Painter not active
QPainter::setPen: Painter not active
QPainter::setBrush: Painter not active
QPainter::setPen: Painter not active
QPainter::setBrush: Painter not active
QPainter::setPen: Painter not active
QPainter::setBrush: Painter not active
QPainter::setPen: Painter not active
QPainter::setBrush: Painter not active
QPainter::setPen: Painter not active
QPainter::setBrush: Painter not active
QPainter::setPen: Painter not active
QPainter::setBrush: Painter not active
QPainter::setPen: Painter not active
QPainter::setBrush: Painter not active
QPainter::setPen: Painter not active
QPainter::setBrush: Painter not active
QPainter::setPen: Painter not active
QPainter::setBrush: Painter not active
QPainter::setPen: Painter not active
QPainter::setBrush: Painter not active
QPainter::setPen: Painter not active
QPainter::setBrush: Painter not active
QPainter::setPen: Painter not active
QPainter::setBrush: Painter not active
QPainter::setPen: Painter not active
QPainter::setBrush: Painter not active
QPainter::setPen: Painter not active
QPainter::setBrush: Painter not active
QPainter::setPen: Painter not active
QPainter::setBrush: Painter not active
QPainter::setPen: Painter not active
QPainter::setBrush: Painter not active
QPainter::setPen: Painter not active
QPainter::setBrush: Painter not active
QPainter::setPen: Painter not active
QPainter::setBrush: Painter not active
QPainter::setPen: Painter not active
QPainter::setBrush: Painter not active
QPainter::setPen: Painter not active
QPainter::setBrush: Painter not active
QPainter::setPen: Painter not active
QPainter::setBrush: Painter not active
QPainter::setPen: Painter not active
QPainter::setBrush: Painter not active
QPainter::setPen: Painter not active
QPainter::setBrush: Painter not active
QPainter::setPen: Painter not active
QPainter::setBrush: Painter not active
QPainter::setPen: Painter not active
QPainter::setBrush: Painter not active
QPainter::setPen: Painter not active
QPainter::setBrush: Painter not active
QPainter::setPen: Painter not active
QPainter::setBrush: Painter not active
QPainter::setPen: Painter not active
QPainter::setBrush: Painter not active
QPainter::setPen: Painter not active
QPainter::setBrush: Painter not active
QPainter::setPen: Painter not active
QPainter::setBrush: Painter not active
QPainter::setPen: Painter not active
QPainter::setBrush: Painter not active
QPainter::setPen: Painter not active
QPainter::setBrush: Painter not active
QPainter::setPen: Painter not active
QPainter::setBrush: Painter not active
QPainter::setPen: Painter not active
QPainter::setBrush: Painter not active
QPainter::setPen: Painter not active
QPainter::setBrush: Painter not active
QPainter::setPen: Painter not active
QPainter::setBrush: Painter not active
QPainter::setPen: Painter not active
QPainter::setBrush: Painter not active
QPainter::setPen: Painter not active
QPainter::setBrush: Painter not active
QPainter::setPen: Painter not active
QPainter::setBrush: Painter not active
QPainter::setPen: Painter not active
QPainter::setBrush: Painter not active
QPainter::setPen: Painter not active
QPainter::setBrush: Painter not active
QPainter::setPen: Painter not active
QPainter::setBrush: Painter not active
QPainter::setPen: Painter not active
QPainter::setBrush: Painter not active
QPainter::setPen: Painter not active
QPainter::setBrush: Painter not active
QPainter::setPen: Painter not active
QPainter::setBrush: Painter not active
QPainter::setPen: Painter not active
QPainter::setBrush: Painter not active
QPainter::setPen: Painter not active
QPainter::setBrush: Painter not active
QPainter::setPen: Painter not active
QPainter::setBrush: Painter not active
QPainter::setPen: Painter not active
QPainter::setBrush: Painter not active
QPainter::setPen: Painter not active
QPainter::setBrush: Painter not active
QPainter::setPen: Painter not active
QPainter::setBrush: Painter not active
QPainter::setPen: Painter not active
QPainter::setBrush: Painter not active
QPainter::setPen: Painter not active
QPainter::setBrush: Painter not active
QPainter::setPen: Painter not active
QPainter::setBrush: Painter not active
QPainter::setPen: Painter not active
QPainter::setBrush: Painter not active
QPainter::setPen: Painter not active
QPainter::setBrush: Painter not active
QPainter::setPen: Painter not active
QPainter::setBrush: Painter not active
QPainter::setPen: Painter not active
QPainter::setBrush: Painter not active
QPainter::setPen: Painter not active
QPainter::setBrush: Painter not active
QPainter::setPen: Painter not active
QPainter::setBrush: Painter not active
QPainter::setPen: Painter not active
QPainter::setBrush: Painter not active
QPainter::setPen: Painter not active
QPainter::setBrush: Painter not active
QPainter::setPen: Painter not active
QPainter::setBrush: Painter not active
QPainter::setPen: Painter not active
QPainter::setBrush: Painter not active
QPainter::setPen: Painter not active
QPainter::setBrush: Painter not active
QPainter::setPen: Painter not active
QPainter::setBrush: Painter not active
QPainter::setPen: Painter not active
QPainter::setBrush: Painter not active
QPainter::setPen: Painter not active
QPainter::setBrush: Painter not active
QPainter::setPen: Painter not active
QPainter::setBrush: Painter not active
QPainter::setPen: Painter not active
QPainter::setBrush: Painter not active
QPainter::setPen: Painter not active
QPainter::setBrush: Painter not active
QPainter::setPen: Painter not active
QPainter::setBrush: Painter not active
QPainter::setPen: Painter not active
QPainter::setBrush: Painter not active
QPainter::setPen: Painter not active
QPainter::setBrush: Painter not active
QPainter::setPen: Painter not active
QPainter::setBrush: Painter not active
QPainter::setPen: Painter not active
QPainter::setBrush: Painter not active
QPainter::setPen: Painter not active
QPainter::setBrush: Painter not active
QPainter::setPen: Painter not active
QPainter::setBrush: Painter not active
QPainter::setPen: Painter not active
QPainter::setBrush: Painter not active
QPainter::setPen: Painter not active
QPainter::setBrush: Painter not active
QPainter::setPen: Painter not active
QPainter::setBrush: Painter not active
QPainter::setPen: Painter not active
QPainter::setBrush: Painter not active
QPainter::setPen: Painter not active
QPainter::setBrush: Painter not active
QPainter::setPen: Painter not active
QPainter::setBrush: Painter not active
QPainter::setPen: Painter not active
QPainter::setBrush: Painter not active
QPainter::setPen: Painter not active
QPainter::setBrush: Painter not active
QPainter::setPen: Painter not active
QPainter::setBrush: Painter not active
QPainter::setPen: Painter not active
QPainter::setBrush: Painter not active
QPainter::setPen: Painter not active
QPainter::setBrush: Painter not active
QPainter::setPen: Painter not active
QPainter::setBrush: Painter not active
QPainter::setPen: Painter not active
QPainter::setBrush: Painter not active
QPainter::setPen: Painter not active
QPainter::setBrush: Painter not active
QPainter::setPen: Painter not active
QPainter::setBrush: Painter not active
QPainter::setPen: Painter not active
QPainter::setBrush: Painter not active
QPainter::setPen: Painter not active
QPainter::setBrush: Painter not active
QPainter::setPen: Painter not active
QPainter::setBrush: Painter not active
QPainter::setPen: Painter not active
QPainter::setBrush: Painter not active
QPainter::setPen: Painter not active
QPainter::setBrush: Painter not active
QPainter::setPen: Painter not active
QPainter::setBrush: Painter not active
QPainter::setPen: Painter not active
QPainter::setBrush: Painter not active
QPainter::setPen: Painter not active
QPainter::setBrush: Painter not active
QPainter::setPen: Painter not active
QPainter::setBrush: Painter not active
QPainter::setPen: Painter not active
QPainter::setBrush: Painter not active
QPainter::setPen: Painter not active
QPainter::setBrush: Painter not active
QPainter::setPen: Painter not active
QPainter::setBrush: Painter not active
QPainter::setPen: Painter not active
QPainter::setBrush: Painter not active
QPainter::setPen: Painter not active
QPainter::setBrush: Painter not active
QPainter::setPen: Painter not active
QPainter::setBrush: Painter not active
QPainter::setPen: Painter not active
QPainter::setBrush: Painter not active
QPainter::setPen: Painter not active
QPainter::setBrush: Painter not active
QPainter::setPen: Painter not active
QPainter::setBrush: Painter not active
QPainter::setPen: Painter not active
QPainter::setBrush: Painter not active
QPainter::setPen: Painter not active
QPainter::setBrush: Painter not active
QPainter::setPen: Painter not active
QPainter::setBrush: Painter not active
QPainter::setPen: Painter not active
QPainter::setBrush: Painter not active
QPainter::setPen: Painter not active
QPainter::setBrush: Painter not active
QPainter::setPen: Painter not active
QPainter::setBrush: Painter not active
QPainter::setPen: Painter not active
QPainter::setBrush: Painter not active
QPainter::setPen: Painter not active
QPainter::setBrush: Painter not active
QPainter::setPen: Painter not active
QPainter::setBrush: Painter not active
QPainter::setPen: Painter not active
QPainter::setBrush: Painter not active
QPainter::setPen: Painter not active
QPainter::setBrush: Painter not active
QPainter::setPen: Painter not active
QPainter::setBrush: Painter not active
QPainter::setPen: Painter not active
QPainter::setBrush: Painter not active
QPainter::setPen: Painter not active
QPainter::setBrush: Painter not active
QPainter::setPen: Painter not active
QPainter::setBrush: Painter not active
QPainter::setPen: Painter not active
QPainter::setBrush: Painter not active
QPainter::setPen: Painter not active
QPainter::setBrush: Painter not active
QPainter::setPen: Painter not active
QPainter::setBrush: Painter not active
QPainter::setPen: Painter not active
QPainter::setBrush: Painter not active
QPainter::setPen: Painter not active
QPainter::setBrush: Painter not active
QPainter::setPen: Painter not active
QPainter::setBrush: Painter not active
QPainter::setPen: Painter not active
QPainter::setBrush: Painter not active
QPainter::setPen: Painter not active
QPainter::setBrush: Painter not active
QPainter::setPen: Painter not active
QPainter::setBrush: Painter not active
QPainter::setPen: Painter not active
QPainter::setBrush: Painter not active
QPainter::setPen: Painter not active
QPainter::setBrush: Painter not active
QPainter::setPen: Painter not active
QPainter::setBrush: Painter not active
QPainter::setPen: Painter not active
QPainter::setBrush: Painter not active
QPainter::setPen: Painter not active
QPainter::setBrush: Painter not active
QPainter::setPen: Painter not active
QPainter::setBrush: Painter not active
QPainter::setPen: Painter not active
QPainter::setBrush: Painter not active
QPainter::setPen: Painter not active
QPainter::setBrush: Painter not active
QPainter::setPen: Painter not active
QPainter::setBrush: Painter not active
QPainter::setPen: Painter not active
QPainter::setBrush: Painter not active
QPainter::setPen: Painter not active
QPainter::setBrush: Painter not active
QPainter::setPen: Painter not active
QPainter::setBrush: Painter not active
QPainter::setPen: Painter not active
QPainter::setBrush: Painter not active
QPainter::setPen: Painter not active
QPainter::setBrush: Painter not active
QPainter::setPen: Painter not active
QPainter::setBrush: Painter not active
QPainter::setPen: Painter not active
QPainter::setBrush: Painter not active
QPainter::setPen: Painter not active
QPainter::setBrush: Painter not active
QPainter::setPen: Painter not active
QPainter::setBrush: Painter not active
QPainter::setPen: Painter not active
QPainter::setBrush: Painter not active
QPainter::setPen: Painter not active
QPainter::setBrush: Painter not active
QPainter::setPen: Painter not active
QPainter::setBrush: Painter not active
QPainter::setPen: Painter not active
QPainter::setBrush: Painter not active
QPainter::setPen: Painter not active
QPainter::setBrush: Painter not active
QPainter::setPen: Painter not active
QPainter::setBrush: Painter not active
QPainter::setPen: Painter not active
QPainter::setBrush: Painter not active
QPainter::setPen: Painter not active
QPainter::setBrush: Painter not active
QPainter::setPen: Painter not active
QPainter::setBrush: Painter not active
QPainter::setPen: Painter not active
QPainter::setBrush: Painter not active
QPainter::setPen: Painter not active
QPainter::setBrush: Painter not active
QPainter::setPen: Painter not active
QPainter::setBrush: Painter not active
QPainter::setPen: Painter not active
QPainter::setBrush: Painter not active
QPainter::setPen: Painter not active
QPainter::setBrush: Painter not active
QPainter::setPen: Painter not active
QPainter::setBrush: Painter not active
QPainter::setPen: Painter not active
QPainter::setBrush: Painter not active
QPainter::setPen: Painter not active
QPainter::setBrush: Painter not active
QPainter::setPen: Painter not active
QPainter::setBrush: Painter not active
QPainter::setPen: Painter not active
QPainter::setBrush: Painter not active
QPainter::setPen: Painter not active
QPainter::setBrush: Painter not active
QPainter::setPen: Painter not active
QPainter::setBrush: Painter not active
QPainter::setPen: Painter not active
QPainter::setBrush: Painter not active
QPainter::setPen: Painter not active
QPainter::setBrush: Painter not active
QPainter::setPen: Painter not active
QPainter::setBrush: Painter not active
QPainter::setPen: Painter not active
QPainter::setBrush: Painter not active
QPainter::setPen: Painter not active
QPainter::setBrush: Painter not active
QPainter::setPen: Painter not active
QPainter::setBrush: Painter not active
QPainter::setPen: Painter not active
QPainter::setBrush: Painter not active
QPainter::setPen: Painter not active
QPainter::setBrush: Painter not active
QPainter::setPen: Painter not active
QPainter::setBrush: Painter not active
QPainter::setPen: Painter not active
QPainter::setBrush: Painter not active
QPainter::setPen: Painter not active
QPainter::setBrush: Painter not active
QPainter::setPen: Painter not active
QPainter::setBrush: Painter not active
QPainter::setPen: Painter not active
QPainter::setBrush: Painter not active
QPainter::setPen: Painter not active
QPainter::setBrush: Painter not active
QPainter::setPen: Painter not active
QPainter::setBrush: Painter not active
QPainter::setPen: Painter not active
QPainter::setBrush: Painter not active
QPainter::setPen: Painter not active
QPainter::setBrush: Painter not active
QPainter::setPen: Painter not active
QPainter::setBrush: Painter not active
QPainter::setPen: Painter not active
QPainter::setBrush: Painter not active
QPainter::setPen: Painter not active
QPainter::setBrush: Painter not active
QPainter::setPen: Painter not active
QPainter::setBrush: Painter not active
QPainter::setPen: Painter not active
QPainter::setBrush: Painter not active
QPainter::setPen: Painter not active
QPainter::setBrush: Painter not active
QPainter::setPen: Painter not active
QPainter::setBrush: Painter not active
QPainter::setPen: Painter not active
QPainter::setBrush: Painter not active
QPainter::setPen: Painter not active
QPainter::setBrush: Painter not active
QPainter::setPen: Painter not active
QPainter::setBrush: Painter not active
QPainter::setPen: Painter not active
QPainter::setBrush: Painter not active
QPainter::setPen: Painter not active
QPainter::setBrush: Painter not active
QPainter::setPen: Painter not active
QPainter::setBrush: Painter not active
QPainter::setPen: Painter not active
QPainter::setBrush: Painter not active
QPainter::setPen: Painter not active
QPainter::setBrush: Painter not active
QPainter::setPen: Painter not active
QPainter::setBrush: Painter not active
QPainter::setPen: Painter not active
QPainter::setBrush: Painter not active
QPainter::setPen: Painter not active
QPainter::setBrush: Painter not active
QPainter::setPen: Painter not active
QPainter::setBrush: Painter not active
QPainter::setPen: Painter not active
QPainter::setBrush: Painter not active
QPainter::setPen: Painter not active
QPainter::setBrush: Painter not active
QPainter::setPen: Painter not active
QPainter::setBrush: Painter not active
QPainter::setPen: Painter not active
QPainter::setBrush: Painter not active
QPainter::setPen: Painter not active
QPainter::setBrush: Painter not active
QPainter::setPen: Painter not active
QPainter::setBrush: Painter not active
QPainter::setPen: Painter not active
QPainter::setBrush: Painter not active
QPainter::setPen: Painter not active
QPainter::setBrush: Painter not active
QPainter::setPen: Painter not active
QPainter::setBrush: Painter not active
QPainter::setPen: Painter not active
QPainter::setBrush: Painter not active
QPainter::setPen: Painter not active
QPainter::setBrush: Painter not active
QPainter::setPen: Painter not active
QPainter::setBrush: Painter not active
QPainter::setPen: Painter not active
QPainter::setBrush: Painter not active
QPainter::setPen: Painter not active
QPainter::setBrush: Painter not active
QPainter::setPen: Painter not active
QPainter::setBrush: Painter not active
QPainter::setPen: Painter not active
QPainter::setBrush: Painter not active
QPainter::setPen: Painter not active
QPainter::setBrush: Painter not active
QPainter::setPen: Painter not active
QPainter::setBrush: Painter not active
QPainter::setPen: Painter not active
QPainter::setBrush: Painter not active
QPainter::setPen: Painter not active
QPainter::setBrush: Painter not active
QPainter::setPen: Painter not active
QPainter::setBrush: Painter not active
QPainter::setPen: Painter not active
QPainter::setBrush: Painter not active
QPainter::setPen: Painter not active
QPainter::setBrush: Painter not active
QPainter::setPen: Painter not active
QPainter::setBrush: Painter not active
QPainter::setPen: Painter not active
QPainter::setBrush: Painter not active
QPainter::setPen: Painter not active
QPainter::setBrush: Painter not active
QPainter::setPen: Painter not active
QPainter::setBrush: Painter not active
QPainter::setPen: Painter not active
QPainter::setBrush: Painter not active
QPainter::setPen: Painter not active
QPainter::setBrush: Painter not active
QPainter::setPen: Painter not active
QPainter::setBrush: Painter not active
QPainter::setPen: Painter not active
QPainter::setBrush: Painter not active
QPainter::setPen: Painter not active
QPainter::setBrush: Painter not active
QPainter::setPen: Painter not active
QPainter::setBrush: Painter not active
QPainter::setPen: Painter not active
QPainter::setBrush: Painter not active
QPainter::setPen: Painter not active
QPainter::setBrush: Painter not active
QPainter::setPen: Painter not active
QPainter::setBrush: Painter not active
QPainter::setPen: Painter not active
QPainter::setBrush: Painter not active
QPainter::setPen: Painter not active
QPainter::setBrush: Painter not active
QPainter::setPen: Painter not active
QPainter::setBrush: Painter not active
QPainter::setPen: Painter not active
QPainter::setBrush: Painter not active
QPainter::setPen: Painter not active
QPainter::setBrush: Painter not active
QPainter::setPen: Painter not active
QPainter::setBrush: Painter not active
QPainter::setPen: Painter not active
QPainter::setBrush: Painter not active
QPainter::setPen: Painter not active
QPainter::setBrush: Painter not active
QPainter::setPen: Painter not active
QPainter::setBrush: Painter not active
QPainter::setPen: Painter not active
QPainter::setBrush: Painter not active
QPainter::setPen: Painter not active
QPainter::setBrush: Painter not active
QPainter::setPen: Painter not active
QPainter::setBrush: Painter not active
QPainter::setPen: Painter not active
QPainter::setBrush: Painter not active
QPainter::setPen: Painter not active
QPainter::setBrush: Painter not active
QPainter::setPen: Painter not active
QPainter::setBrush: Painter not active
QPainter::setPen: Painter not active
QPainter::setBrush: Painter not active
QPainter::setPen: Painter not active
QPainter::setBrush: Painter not active
QPainter::setPen: Painter not active
QPainter::setBrush: Painter not active
QPainter::setPen: Painter not active
QPainter::setBrush: Painter not active
QPainter::setPen: Painter not active
QPainter::setBrush: Painter not active
QPainter::setPen: Painter not active
QPainter::setBrush: Painter not active
QPainter::setPen: Painter not active
QPainter::setBrush: Painter not active
QPainter::setPen: Painter not active
QPainter::setBrush: Painter not active
QPainter::setPen: Painter not active
QPainter::setBrush: Painter not active
QPainter::setPen: Painter not active
QPainter::setBrush: Painter not active
QPainter::setPen: Painter not active
QPainter::setBrush: Painter not active
QPainter::setPen: Painter not active
QPainter::setBrush: Painter not active
QPainter::setPen: Painter not active
QPainter::setBrush: Painter not active
QPainter::setPen: Painter not active
QPainter::setBrush: Painter not active
QPainter::setPen: Painter not active
QPainter::setBrush: Painter not active
QPainter::setPen: Painter not active
QPainter::setBrush: Painter not active
QPainter::setPen: Painter not active
QPainter::setBrush: Painter not active
QPainter::setPen: Painter not active
QPainter::setBrush: Painter not active
QPainter::setPen: Painter not active
QPainter::setBrush: Painter not active
QPainter::setPen: Painter not active
QPainter::setBrush: Painter not active
QPainter::setPen: Painter not active
QPainter::setBrush: Painter not active
QPainter::setPen: Painter not active
QPainter::setBrush: Painter not active
QPainter::setPen: Painter not active
QPainter::setBrush: Painter not active
QPainter::setPen: Painter not active
QPainter::setBrush: Painter not active
QPainter::setPen: Painter not active
QPainter::setBrush: Painter not active
QPainter::setPen: Painter not active
QPainter::setBrush: Painter not active
QPainter::setPen: Painter not active
QPainter::setBrush: Painter not active
QPainter::setPen: Painter not active
QPainter::setBrush: Painter not active
QPainter::setPen: Painter not active
QPainter::setBrush: Painter not active
QPainter::setPen: Painter not active
QPainter::setBrush: Painter not active
QPainter::setPen: Painter not active
QPainter::setBrush: Painter not active
QPainter::setPen: Painter not active
QPainter::setBrush: Painter not active
QPainter::setPen: Painter not active
QPainter::setBrush: Painter not active
QPainter::setPen: Painter not active
QPainter::setBrush: Painter not active
QPainter::setPen: Painter not active
QPainter::setBrush: Painter not active
QPainter::setPen: Painter not active
QPainter::setBrush: Painter not active
QPainter::setPen: Painter not active
QPainter::setBrush: Painter not active
QPainter::setPen: Painter not active
QPainter::setBrush: Painter not active
QPainter::setPen: Painter not active
QPainter::setBrush: Painter not active
QPainter::setPen: Painter not active
QPainter::setBrush: Painter not active
QPainter::setPen: Painter not active
QPainter::setBrush: Painter not active
QPainter::setPen: Painter not active
QPainter::setBrush: Painter not active
QPainter::setPen: Painter not active
QPainter::setBrush: Painter not active
QPainter::setPen: Painter not active
QPainter::setBrush: Painter not active
QPainter::setPen: Painter not active
QPainter::setBrush: Painter not active
QPainter::setPen: Painter not active
QPainter::setBrush: Painter not active
QPainter::setPen: Painter not active
QPainter::setBrush: Painter not active
QPainter::setPen: Painter not active
QPainter::setBrush: Painter not active
QPainter::setPen: Painter not active
QPainter::setBrush: Painter not active
QPainter::setPen: Painter not active
QPainter::setBrush: Painter not active
QPainter::setPen: Painter not active
QPainter::setBrush: Painter not active
QPainter::setPen: Painter not active
QPainter::setBrush: Painter not active
QPainter::setPen: Painter not active
QPainter::setBrush: Painter not active
QPainter::setPen: Painter not active
QPainter::setBrush: Painter not active
QPainter::setPen: Painter not active
QPainter::setBrush: Painter not active
QPainter::setPen: Painter not active
QPainter::setBrush: Painter not active
QPainter::setPen: Painter not active
QPainter::setBrush: Painter not active
QPainter::setPen: Painter not active
QPainter::setBrush: Painter not active
QPainter::setPen: Painter not active
QPainter::setBrush: Painter not active
QPainter::setPen: Painter not active
QPainter::setBrush: Painter not active
QPainter::setPen: Painter not active
QPainter::setBrush: Painter not active
QPainter::setPen: Painter not active
QPainter::setBrush: Painter not active
QPainter::setPen: Painter not active
QPainter::setBrush: Painter not active
QPainter::setPen: Painter not active
QPainter::setBrush: Painter not active
QPainter::setPen: Painter not active
QPainter::setBrush: Painter not active
QPainter::setPen: Painter not active
QPainter::setBrush: Painter not active
QPainter::setPen: Painter not active
QPainter::setBrush: Painter not active
QPainter::setPen: Painter not active
QPainter::setBrush: Painter not active
QPainter::setPen: Painter not active
QPainter::setBrush: Painter not active
QPainter::setPen: Painter not active
QPainter::setBrush: Painter not active
QPainter::setPen: Painter not active
QPainter::setBrush: Painter not active
QPainter::setPen: Painter not active
QPainter::setBrush: Painter not active
QPainter::setPen: Painter not active
QPainter::setBrush: Painter not active
QPainter::setPen: Painter not active
QPainter::setBrush: Painter not active
QPainter::setPen: Painter not active
QPainter::setBrush: Painter not active
QPainter::setPen: Painter not active
QPainter::setBrush: Painter not active
QPainter::setPen: Painter not active
QPainter::setBrush: Painter not active
QPainter::setPen: Painter not active
QPainter::setBrush: Painter not active
QPainter::setPen: Painter not active
QPainter::setBrush: Painter not active
QPainter::setPen: Painter not active
QPainter::setBrush: Painter not active
QPainter::setPen: Painter not active
QPainter::setBrush: Painter not active
QPainter::setPen: Painter not active
QPainter::setBrush: Painter not active
QPainter::setPen: Painter not active
QPainter::setBrush: Painter not active
QPainter::setPen: Painter not active
QPainter::setBrush: Painter not active
QPainter::setPen: Painter not active
QPainter::setBrush: Painter not active
QPainter::setPen: Painter not active
QPainter::setBrush: Painter not active
QPainter::setPen: Painter not active
QPainter::setBrush: Painter not active
QPainter::setPen: Painter not active
QPainter::setBrush: Painter not active
QPainter::setPen: Painter not active
QPainter::setBrush: Painter not active
QPainter::setPen: Painter not active
QPainter::setBrush: Painter not active
QPainter::setPen: Painter not active
QPainter::setBrush: Painter not active
QPainter::setPen: Painter not active
QPainter::setBrush: Painter not active
QPainter::setPen: Painter not active
QPainter::setBrush: Painter not active
QPainter::setPen: Painter not active
QPainter::setBrush: Painter not active
QPainter::setPen: Painter not active
QPainter::setBrush: Painter not active
QPainter::setPen: Painter not active
QPainter::setBrush: Painter not active
QPainter::setPen: Painter not active
QPainter::setBrush: Painter not active
QPainter::setPen: Painter not active
QPainter::setBrush: Painter not active
QPainter::setPen: Painter not active
QPainter::setBrush: Painter not active
QPainter::setPen: Painter not active
QPainter::setBrush: Painter not active
QPainter::setPen: Painter not active
QPainter::setBrush: Painter not active
QPainter::setPen: Painter not active
QPainter::setBrush: Painter not active
QPainter::setPen: Painter not active
QPainter::setBrush: Painter not active
QPainter::setPen: Painter not active
QPainter::setBrush: Painter not active
QPainter::setPen: Painter not active
QPainter::setBrush: Painter not active
QPainter::setPen: Painter not active
QPainter::setBrush: Painter not active
QPainter::setPen: Painter not active
QPainter::setBrush: Painter not active
QPainter::setPen: Painter not active
QPainter::setBrush: Painter not active
QPainter::setPen: Painter not active
QPainter::setBrush: Painter not active
QPainter::setPen: Painter not active
QPainter::setBrush: Painter not active
QPainter::setPen: Painter not active
QPainter::setBrush: Painter not active
QPainter::setPen: Painter not active
QPainter::setBrush: Painter not active
QPainter::setPen: Painter not active
QPainter::setBrush: Painter not active
QPainter::setPen: Painter not active
QPainter::setBrush: Painter not active
QPainter::setPen: Painter not active
QPainter::setBrush: Painter not active
QPainter::setPen: Painter not active
QPainter::setBrush: Painter not active
QPainter::setPen: Painter not active
QPainter::setBrush: Painter not active
QPainter::setPen: Painter not active
QPainter::setBrush: Painter not active
QPainter::setPen: Painter not active
QPainter::setBrush: Painter not active
QPainter::setPen: Painter not active
QPainter::setBrush: Painter not active
QPainter::setPen: Painter not active
QPainter::setBrush: Painter not active
QPainter::setPen: Painter not active
QPainter::setBrush: Painter not active
QPainter::setPen: Painter not active
QPainter::setBrush: Painter not active
QPainter::setPen: Painter not active
QPainter::setBrush: Painter not active
QPainter::setPen: Painter not active
QPainter::setBrush: Painter not active
QPainter::setPen: Painter not active
QPainter::setBrush: Painter not active
QPainter::setPen: Painter not active
QPainter::setBrush: Painter not active
QPainter::setPen: Painter not active
QPainter::setBrush: Painter not active
QPainter::setPen: Painter not active
QPainter::setBrush: Painter not active
QPainter::setPen: Painter not active
QPainter::setBrush: Painter not active
QPainter::setPen: Painter not active
QPainter::setBrush: Painter not active
QPainter::setPen: Painter not active
QPainter::setBrush: Painter not active
QPainter::setPen: Painter not active
QPainter::setBrush: Painter not active
QPainter::setPen: Painter not active
QPainter::setBrush: Painter not active
QPainter::setPen: Painter not active
QPainter::setBrush: Painter not active
QPainter::setPen: Painter not active
QPainter::setBrush: Painter not active
QPainter::setPen: Painter not active
QPainter::setBrush: Painter not active
QPainter::setPen: Painter not active
QPainter::setBrush: Painter not active
QPainter::setPen: Painter not active
QPainter::setBrush: Painter not active
QPainter::setPen: Painter not active
QPainter::setBrush: Painter not active
QPainter::setPen: Painter not active
QPainter::setBrush: Painter not active
QPainter::setPen: Painter not active
QPainter::setBrush: Painter not active
QPainter::setPen: Painter not active
QPainter::setBrush: Painter not active
QPainter::setPen: Painter not active
QPainter::setBrush: Painter not active
QPainter::setPen: Painter not active
QPainter::setBrush: Painter not active
QPainter::setPen: Painter not active
QPainter::setBrush: Painter not active
QPainter::setPen: Painter not active
QPainter::setBrush: Painter not active
QPainter::setPen: Painter not active
QPainter::setBrush: Painter not active
QPainter::setPen: Painter not active
QPainter::setBrush: Painter not active
QPainter::setPen: Painter not active
QPainter::setBrush: Painter not active
QPainter::setPen: Painter not active
QPainter::setBrush: Painter not active
QPainter::setPen: Painter not active
QPainter::setBrush: Painter not active
QPainter::setPen: Painter not active
QPainter::setBrush: Painter not active
QPainter::setPen: Painter not active
QPainter::setBrush: Painter not active
QPainter::setPen: Painter not active
QPainter::setBrush: Painter not active
QPainter::setPen: Painter not active
QPainter::setBrush: Painter not active
QPainter::setPen: Painter not active
QPainter::setBrush: Painter not active
QPainter::setPen: Painter not active
QPainter::setBrush: Painter not active
QPainter::setPen: Painter not active
QPainter::setBrush: Painter not active
QPainter::setPen: Painter not active
QPainter::setBrush: Painter not active
QPainter::setPen: Painter not active
QPainter::setBrush: Painter not active
QPainter::setPen: Painter not active
QPainter::setBrush: Painter not active
QPainter::setPen: Painter not active
QPainter::setBrush: Painter not active
QPainter::setPen: Painter not active
QPainter::setBrush: Painter not active
QPainter::setPen: Painter not active
QPainter::setBrush: Painter not active
QPainter::setPen: Painter not active
QPainter::setBrush: Painter not active
QPainter::setPen: Painter not active
QPainter::setBrush: Painter not active
QPainter::setPen: Painter not active
QPainter::setBrush: Painter not active
QPainter::setPen: Painter not active
QPainter::setBrush: Painter not active
QPainter::setPen: Painter not active
QPainter::setBrush: Painter not active
QPainter::setPen: Painter not active
QPainter::setBrush: Painter not active
QPainter::setPen: Painter not active
QPainter::setBrush: Painter not active
QPainter::setPen: Painter not active
QPainter::setBrush: Painter not active
QPainter::setPen: Painter not active
QPainter::setBrush: Painter not active
QPainter::setPen: Painter not active
QPainter::setBrush: Painter not active
QPainter::setPen: Painter not active
QPainter::setBrush: Painter not active
QPainter::setPen: Painter not active
QPainter::setBrush: Painter not active
QPainter::setPen: Painter not active
QPainter::setBrush: Painter not active
QPainter::setPen: Painter not active
QPainter::setBrush: Painter not active
QPainter::setPen: Painter not active
QPainter::setBrush: Painter not active
QPainter::setPen: Painter not active
QPainter::setBrush: Painter not active
QPainter::setPen: Painter not active
QPainter::setBrush: Painter not active
QPainter::setPen: Painter not active
QPainter::setBrush: Painter not active
QPainter::setPen: Painter not active
QPainter::setBrush: Painter not active
QPainter::setPen: Painter not active
QPainter::setBrush: Painter not active
QPainter::setPen: Painter not active
QPainter::setBrush: Painter not active
QPainter::setPen: Painter not active
QPainter::setBrush: Painter not active
QPainter::setPen: Painter not active
QPainter::setBrush: Painter not active
QPainter::setPen: Painter not active
QPainter::setBrush: Painter not active
QPainter::setPen: Painter not active
QPainter::setBrush: Painter not active
QPainter::setPen: Painter not active
QPainter::setBrush: Painter not active
QPainter::setPen: Painter not active
QPainter::setBrush: Painter not active
QPainter::setPen: Painter not active
QPainter::setBrush: Painter not active
QPainter::setPen: Painter not active
QPainter::setBrush: Painter not active
QPainter::setPen: Painter not active
QPainter::setBrush: Painter not active
QPainter::setPen: Painter not active
QPainter::setBrush: Painter not active
QPainter::setPen: Painter not active
QPainter::setBrush: Painter not active
QPainter::setPen: Painter not active
QPainter::setBrush: Painter not active
QPainter::setPen: Painter not active
QPainter::setBrush: Painter not active
QPainter::setPen: Painter not active
QPainter::setBrush: Painter not active
QPainter::setPen: Painter not active
QPainter::setBrush: Painter not active
QPainter::setPen: Painter not active
QPainter::setBrush: Painter not active
QPainter::setPen: Painter not active
QPainter::setBrush: Painter not active
QPainter::setPen: Painter not active
QPainter::setBrush: Painter not active
QPainter::setPen: Painter not active
QPainter::setBrush: Painter not active
QPainter::setPen: Painter not active
QPainter::setBrush: Painter not active
QPainter::setPen: Painter not active
QPainter::setBrush: Painter not active
QPainter::setPen: Painter not active
QPainter::setBrush: Painter not active
QPainter::setPen: Painter not active
QPainter::setBrush: Painter not active
QPainter::setPen: Painter not active
QPainter::setBrush: Painter not active
QPainter::setPen: Painter not active
QPainter::setBrush: Painter not active
QPainter::setPen: Painter not active
QPainter::setBrush: Painter not active
QPainter::setPen: Painter not active
QPainter::setBrush: Painter not active
QPainter::setPen: Painter not active
QPainter::setBrush: Painter not active
QPainter::setPen: Painter not active
QPainter::setBrush: Painter not active
QPainter::setPen: Painter not active
QPainter::setBrush: Painter not active
QPainter::setPen: Painter not active
QPainter::setBrush: Painter not active
QPainter::setPen: Painter not active
QPainter::setBrush: Painter not active
QPainter::setPen: Painter not active
QPainter::setBrush: Painter not active
QPainter::setPen: Painter not active
QPainter::setBrush: Painter not active
QPainter::setPen: Painter not active
QPainter::setBrush: Painter not active
QPainter::setPen: Painter not active
QPainter::setBrush: Painter not active
QPainter::setPen: Painter not active
QPainter::setBrush: Painter not active
QPainter::setPen: Painter not active
QPainter::setBrush: Painter not active
QPainter::setPen: Painter not active
QPainter::setBrush: Painter not active
QPainter::setPen: Painter not active
QPainter::setBrush: Painter not active
QPainter::setPen: Painter not active
QPainter::setBrush: Painter not active
QPainter::setPen: Painter not active
QPainter::setBrush: Painter not active
QPainter::setPen: Painter not active
QPainter::setBrush: Painter not active
QPainter::setPen: Painter not active
QPainter::setBrush: Painter not active
QPainter::setPen: Painter not active
QPainter::setBrush: Painter not active
QPainter::setPen: Painter not active
QPainter::setBrush: Painter not active
QPainter::setPen: Painter not active
QPainter::setBrush: Painter not active
QPainter::setPen: Painter not active
QPainter::setBrush: Painter not active
QPainter::setPen: Painter not active
QPainter::setBrush: Painter not active
QPainter::setPen: Painter not active
QPainter::setBrush: Painter not active
QPainter::setPen: Painter not active
QPainter::setBrush: Painter not active
QPainter::setPen: Painter not active
QPainter::setBrush: Painter not active
QPainter::setPen: Painter not active
QPainter::setBrush: Painter not active
QPainter::setPen: Painter not active
QPainter::setBrush: Painter not active
QPainter::setPen: Painter not active
QPainter::setBrush: Painter not active
QPainter::setPen: Painter not active
QPainter::setBrush: Painter not active
QPainter::setPen: Painter not active
QPainter::setBrush: Painter not active
QPainter::setPen: Painter not active
QPainter::setBrush: Painter not active
QPainter::setPen: Painter not active
QPainter::setBrush: Painter not active
QPainter::setPen: Painter not active
QPainter::setBrush: Painter not active
QPainter::setPen: Painter not active
QPainter::setBrush: Painter not active
QPainter::setPen: Painter not active
QPainter::setBrush: Painter not active
QPainter::setPen: Painter not active
QPainter::setBrush: Painter not active
QPainter::setPen: Painter not active
QPainter::setBrush: Painter not active
QPainter::setPen: Painter not active
QPainter::setBrush: Painter not active
QPainter::setPen: Painter not active
QPainter::setBrush: Painter not active
QPainter::setPen: Painter not active
QPainter::setBrush: Painter not active
QPainter::setPen: Painter not active
QPainter::setBrush: Painter not active
QPainter::setPen: Painter not active
QPainter::setBrush: Painter not active
QPainter::setPen: Painter not active
QPainter::setBrush: Painter not active
QPainter::setPen: Painter not active
QPainter::setBrush: Painter not active
QPainter::setPen: Painter not active
QPainter::setBrush: Painter not active
QPainter::setPen: Painter not active
QPainter::setBrush: Painter not active
QPainter::setPen: Painter not active
QPainter::setBrush: Painter not active
QPainter::setPen: Painter not active
QPainter::setBrush: Painter not active
QPainter::setPen: Painter not active
QPainter::setBrush: Painter not active
QPainter::setPen: Painter not active
QPainter::setBrush: Painter not active
QPainter::setPen: Painter not active
QPainter::setBrush: Painter not active
QPainter::setPen: Painter not active
QPainter::setBrush: Painter not active
QPainter::setPen: Painter not active
QPainter::setBrush: Painter not active
QPainter::setPen: Painter not active
QPainter::setBrush: Painter not active
QPainter::setPen: Painter not active
QPainter::setBrush: Painter not active
QPainter::setPen: Painter not active
QPainter::setBrush: Painter not active
QPainter::setPen: Painter not active
QPainter::setBrush: Painter not active
QPainter::setPen: Painter not active
QPainter::setBrush: Painter not active
QPainter::setPen: Painter not active
QPainter::setBrush: Painter not active
QPainter::setPen: Painter not active
QPainter::setBrush: Painter not active
QPainter::setPen: Painter not active
QPainter::setBrush: Painter not active
QPainter::setPen: Painter not active
QPainter::setBrush: Painter not active
QPainter::setPen: Painter not active
QPainter::setBrush: Painter not active
QPainter::setPen: Painter not active
QPainter::setBrush: Painter not active
QPainter::setPen: Painter not active
QPainter::setBrush: Painter not active
QPainter::setPen: Painter not active
QPainter::setBrush: Painter not active
QPainter::setPen: Painter not active
QPainter::setBrush: Painter not active
QPainter::setPen: Painter not active
QPainter::setBrush: Painter not active
QPainter::setPen: Painter not active
QPainter::setBrush: Painter not active
QPainter::setPen: Painter not active
QPainter::setBrush: Painter not active
QPainter::setPen: Painter not active
QPainter::setBrush: Painter not active
QPainter::setPen: Painter not active
QPainter::setBrush: Painter not active
QPainter::setPen: Painter not active
QPainter::setBrush: Painter not active
QPainter::setPen: Painter not active
QPainter::setBrush: Painter not active
QPainter::setPen: Painter not active
QPainter::setBrush: Painter not active
QPainter::setPen: Painter not active
QPainter::setBrush: Painter not active
QPainter::setPen: Painter not active
QPainter::setBrush: Painter not active
QPainter::setPen: Painter not active
QPainter::setBrush: Painter not active
QPainter::setPen: Painter not active
QPainter::setBrush: Painter not active
QPainter::setPen: Painter not active
QPainter::setBrush: Painter not active
QPainter::setPen: Painter not active
QPainter::setBrush: Painter not active
QPainter::setPen: Painter not active
QPainter::setBrush: Painter not active
QPainter::setPen: Painter not active
QPainter::setBrush: Painter not active
QPainter::setPen: Painter not active
QPainter::setBrush: Painter not active
QPainter::setPen: Painter not active
QPainter::setBrush: Painter not active
QPainter::setPen: Painter not active
QPainter::setBrush: Painter not active
QPainter::setPen: Painter not active
QPainter::setBrush: Painter not active
QPainter::setPen: Painter not active
QPainter::setBrush: Painter not active
QPainter::setPen: Painter not active
QPainter::setBrush: Painter not active
QPainter::setPen: Painter not active
QPainter::setBrush: Painter not active
QPainter::setPen: Painter not active
QPainter::setBrush: Painter not active
QPainter::setPen: Painter not active
QPainter::setBrush: Painter not active
QPainter::setPen: Painter not active
QPainter::setBrush: Painter not active
QPainter::setPen: Painter not active
QPainter::setBrush: Painter not active
QPainter::setPen: Painter not active
QPainter::setBrush: Painter not active
QPainter::setPen: Painter not active
QPainter::setBrush: Painter not active
QPainter::setPen: Painter not active
QPainter::setBrush: Painter not active
QPainter::setPen: Painter not active
QPainter::setBrush: Painter not active
QPainter::setPen: Painter not active
QPainter::setBrush: Painter not active
QPainter::setPen: Painter not active
QPainter::setBrush: Painter not active
QPainter::setPen: Painter not active
QPainter::setBrush: Painter not active
QPainter::setPen: Painter not active
QPainter::setBrush: Painter not active
QPainter::setPen: Painter not active
QPainter::setBrush: Painter not active
QPainter::setPen: Painter not active
QPainter::setBrush: Painter not active
QPainter::setPen: Painter not active
QPainter::setBrush: Painter not active
QPainter::setPen: Painter not active
QPainter::setBrush: Painter not active
QPainter::setPen: Painter not active
QPainter::setBrush: Painter not active
QPainter::setPen: Painter not active
QPainter::setBrush: Painter not active
QPainter::setPen: Painter not active
QPainter::setBrush: Painter not active
QPainter::setPen: Painter not active
QPainter::setBrush: Painter not active
QPainter::setPen: Painter not active
QPainter::setBrush: Painter not active
QPainter::setPen: Painter not active
QPainter::setBrush: Painter not active
QPainter::setPen: Painter not active
QPainter::setBrush: Painter not active
QPainter::setPen: Painter not active
QPainter::setBrush: Painter not active
QPainter::setPen: Painter not active
QPainter::setBrush: Painter not active
QPainter::setPen: Painter not active
QPainter::setBrush: Painter not active
QPainter::setPen: Painter not active
QPainter::setBrush: Painter not active
QPainter::setPen: Painter not active
QPainter::setBrush: Painter not active
QPainter::setPen: Painter not active
QPainter::setBrush: Painter not active
QPainter::setPen: Painter not active
QPainter::setBrush: Painter not active
QPainter::setPen: Painter not active
QPainter::setBrush: Painter not active
QPainter::setPen: Painter not active
QPainter::setBrush: Painter not active
QPainter::setPen: Painter not active
QPainter::setBrush: Painter not active
QPainter::setPen: Painter not active
QPainter::setBrush: Painter not active
QPainter::setPen: Painter not active
QPainter::setBrush: Painter not active
QPainter::setPen: Painter not active
QPainter::setBrush: Painter not active
QPainter::setPen: Painter not active
QPainter::setBrush: Painter not active
QPainter::setPen: Painter not active
QPainter::setBrush: Painter not active
QPainter::setPen: Painter not active
QPainter::setBrush: Painter not active
QPainter::setPen: Painter not active
QPainter::setBrush: Painter not active
QPainter::setPen: Painter not active
QPainter::setBrush: Painter not active
QPainter::setPen: Painter not active
QPainter::setBrush: Painter not active
QPainter::setPen: Painter not active
QPainter::setBrush: Painter not active
QPainter::setPen: Painter not active
QPainter::setBrush: Painter not active
QPainter::setPen: Painter not active
QPainter::setBrush: Painter not active
QPainter::setPen: Painter not active
QPainter::setBrush: Painter not active
QPainter::setPen: Painter not active
QPainter::setBrush: Painter not active
QPainter::setPen: Painter not active
QPainter::setBrush: Painter not active
QPainter::setPen: Painter not active
QPainter::setBrush: Painter not active
QPainter::setPen: Painter not active
QPainter::setBrush: Painter not active
QPainter::setPen: Painter not active
QPainter::setBrush: Painter not active
QPainter::setPen: Painter not active
QPainter::setBrush: Painter not active
QPainter::setPen: Painter not active
QPainter::setBrush: Painter not active
QPainter::setPen: Painter not active
QPainter::setBrush: Painter not active
QPainter::setPen: Painter not active
QPainter::setBrush: Painter not active
QPainter::setPen: Painter not active
QPainter::setBrush: Painter not active
QPainter::setPen: Painter not active
QPainter::setBrush: Painter not active
QPainter::setPen: Painter not active
QPainter::setBrush: Painter not active
QPainter::setPen: Painter not active
QPainter::setBrush: Painter not active
QPainter::setPen: Painter not active
QPainter::setBrush: Painter not active
QPainter::setPen: Painter not active
QPainter::setBrush: Painter not active
QPainter::setPen: Painter not active
QPainter::setBrush: Painter not active
QPainter::setPen: Painter not active
QPainter::setBrush: Painter not active
QPainter::setPen: Painter not active
QPainter::setBrush: Painter not active
QPainter::setPen: Painter not active
QPainter::setBrush: Painter not active
QPainter::setPen: Painter not active
QPainter::setBrush: Painter not active
QPainter::setPen: Painter not active
QPainter::setBrush: Painter not active
QPainter::setPen: Painter not active
QPainter::setBrush: Painter not active
QPainter::setPen: Painter not active
QPainter::setBrush: Painter not active
QPainter::setPen: Painter not active
QPainter::setBrush: Painter not active
QPainter::setPen: Painter not active
QPainter::setBrush: Painter not active
QPainter::setPen: Painter not active
QPainter::setBrush: Painter not active
QPainter::setPen: Painter not active
QPainter::setBrush: Painter not active
QPainter::setPen: Painter not active
QPainter::setBrush: Painter not active
QPainter::setPen: Painter not active
QPainter::setBrush: Painter not active
QPainter::setPen: Painter not active
QPainter::setBrush: Painter not active
QPainter::setPen: Painter not active
QPainter::setBrush: Painter not active
QPainter::setPen: Painter not active
QPainter::setBrush: Painter not active
QPainter::setPen: Painter not active
QPainter::setBrush: Painter not active
QPainter::setPen: Painter not active
QPainter::setBrush: Painter not active
QPainter::setPen: Painter not active
QPainter::setBrush: Painter not active
QPainter::setPen: Painter not active
QPainter::setBrush: Painter not active
QPainter::setPen: Painter not active
QPainter::setBrush: Painter not active
QPainter::setPen: Painter not active
QPainter::setBrush: Painter not active
QPainter::setPen: Painter not active
QPainter::setBrush: Painter not active
QPainter::setPen: Painter not active
QPainter::setBrush: Painter not active
QPainter::setPen: Painter not active
QPainter::setBrush: Painter not active
QPainter::setPen: Painter not active
QPainter::setBrush: Painter not active
QPainter::setPen: Painter not active
QPainter::setBrush: Painter not active
QPainter::setPen: Painter not active
QPainter::setBrush: Painter not active
QPainter::setPen: Painter not active
QPainter::setBrush: Painter not active
QPainter::setPen: Painter not active
QPainter::setBrush: Painter not active
QPainter::setPen: Painter not active
QPainter::setBrush: Painter not active
QPainter::setPen: Painter not active
QPainter::setBrush: Painter not active
QPainter::setPen: Painter not active
QPainter::setBrush: Painter not active
QPainter::setPen: Painter not active
QPainter::setBrush: Painter not active
QPainter::setPen: Painter not active
QPainter::setBrush: Painter not active
QPainter::setPen: Painter not active
QPainter::setBrush: Painter not active
QPainter::setPen: Painter not active
QPainter::setBrush: Painter not active
QPainter::setPen: Painter not active
QPainter::setBrush: Painter not active
QPainter::setPen: Painter not active
QPainter::setBrush: Painter not active
QPainter::setPen: Painter not active
QPainter::setBrush: Painter not active
QPainter::setPen: Painter not active
QPainter::setBrush: Painter not active
QPainter::setPen: Painter not active
QPainter::setBrush: Painter not active
QPainter::setPen: Painter not active
QPainter::setBrush: Painter not active
QPainter::setPen: Painter not active
QPainter::setBrush: Painter not active
QPainter::setPen: Painter not active
QPainter::setBrush: Painter not active
QPainter::setPen: Painter not active
QPainter::setBrush: Painter not active
QPainter::setPen: Painter not active
QPainter::setBrush: Painter not active
QPainter::setPen: Painter not active
QPainter::setBrush: Painter not active
QPainter::setPen: Painter not active
QPainter::setBrush: Painter not active
QPainter::setPen: Painter not active
QPainter::setBrush: Painter not active
QPainter::setPen: Painter not active
QPainter::setBrush: Painter not active
QPainter::setPen: Painter not active
QPainter::setBrush: Painter not active
QPainter::setPen: Painter not active
QPainter::setBrush: Painter not active
QPainter::setPen: Painter not active
QPainter::setBrush: Painter not active
QPainter::setPen: Painter not active
QPainter::setBrush: Painter not active
QPainter::setPen: Painter not active
QPainter::setBrush: Painter not active
QPainter::setPen: Painter not active
QPainter::setBrush: Painter not active
QPainter::setPen: Painter not active
QPainter::setBrush: Painter not active
QPainter::setPen: Painter not active
QPainter::setBrush: Painter not active
QPainter::setPen: Painter not active
QPainter::setBrush: Painter not active
QPainter::setPen: Painter not active
QPainter::setBrush: Painter not active
QPainter::setPen: Painter not active
QPainter::setBrush: Painter not active
QPainter::setPen: Painter not active
QPainter::setBrush: Painter not active
QPainter::setPen: Painter not active
QPainter::setBrush: Painter not active
QPainter::setPen: Painter not active
QPainter::setBrush: Painter not active
QPainter::setPen: Painter not active
QPainter::setBrush: Painter not active
QPainter::setPen: Painter not active
QPainter::setBrush: Painter not active
QPainter::setPen: Painter not active
QPainter::setBrush: Painter not active
QPainter::setPen: Painter not active
QPainter::setBrush: Painter not active
QPainter::setPen: Painter not active
QPainter::setBrush: Painter not active
QPainter::setPen: Painter not active
QPainter::setBrush: Painter not active
QPainter::setPen: Painter not active
QPainter::setBrush: Painter not active
QPainter::setPen: Painter not active
QPainter::setBrush: Painter not active
QPainter::setPen: Painter not active
QPainter::setBrush: Painter not active
QPainter::setPen: Painter not active
QPainter::setBrush: Painter not active
QPainter::setPen: Painter not active
QPainter::setBrush: Painter not active
QPainter::setPen: Painter not active
QPainter::setBrush: Painter not active
QPainter::setPen: Painter not active
QPainter::setBrush: Painter not active
QPainter::setPen: Painter not active
QPainter::setBrush: Painter not active
QPainter::setPen: Painter not active
QPainter::setBrush: Painter not active
QPainter::setPen: Painter not active
QPainter::setBrush: Painter not active
QPainter::setPen: Painter not active
QPainter::setBrush: Painter not active
QPainter::setPen: Painter not active
QPainter::setBrush: Painter not active
QPainter::setPen: Painter not active
QPainter::setBrush: Painter not active
QPainter::setPen: Painter not active
QPainter::setBrush: Painter not active
QPainter::setPen: Painter not active
QPainter::setBrush: Painter not active
QPainter::setPen: Painter not active
QPainter::setBrush: Painter not active
QPainter::setPen: Painter not active
QPainter::setBrush: Painter not active
QPainter::setPen: Painter not active
QPainter::setBrush: Painter not active
QPainter::setPen: Painter not active
QPainter::setBrush: Painter not active
QPainter::setPen: Painter not active
QPainter::setBrush: Painter not active
QPainter::setPen: Painter not active
QPainter::setBrush: Painter not active
QPainter::setPen: Painter not active
QPainter::setBrush: Painter not active
QPainter::setPen: Painter not active
QPainter::setBrush: Painter not active
QPainter::setPen: Painter not active
QPainter::setBrush: Painter not active
QPainter::setPen: Painter not active
QPainter::setBrush: Painter not active
QPainter::setPen: Painter not active
QPainter::setBrush: Painter not active
QPainter::setPen: Painter not active
QPainter::setBrush: Painter not active
QPainter::setPen: Painter not active
QPainter::setBrush: Painter not active
QPainter::setPen: Painter not active
QPainter::setBrush: Painter not active
QPainter::setPen: Painter not active
QPainter::setBrush: Painter not active
QPainter::setPen: Painter not active
QPainter::setBrush: Painter not active
QPainter::setPen: Painter not active
QPainter::setBrush: Painter not active
QPainter::setPen: Painter not active
QPainter::setBrush: Painter not active
QPainter::setPen: Painter not active
QPainter::setBrush: Painter not active
QPainter::setPen: Painter not active
QPainter::setBrush: Painter not active
QPainter::setPen: Painter not active
QPainter::setBrush: Painter not active
QPainter::setPen: Painter not active
QPainter::setBrush: Painter not active
QPainter::setPen: Painter not active
QPainter::setBrush: Painter not active
QPainter::setPen: Painter not active
QPainter::setBrush: Painter not active
QPainter::setPen: Painter not active
QPainter::setBrush: Painter not active
QPainter::setPen: Painter not active
QPainter::setBrush: Painter not active
QPainter::setPen: Painter not active
QPainter::setBrush: Painter not active
QPainter::setPen: Painter not active
QPainter::setBrush: Painter not active
QPainter::setPen: Painter not active
QPainter::setBrush: Painter not active
QPainter::setPen: Painter not active
QPainter::setBrush: Painter not active
QPainter::setPen: Painter not active
QPainter::setBrush: Painter not active
QPainter::setPen: Painter not active
QPainter::setBrush: Painter not active
QPainter::setPen: Painter not active
QPainter::setBrush: Painter not active
QPainter::setPen: Painter not active
QPainter::setBrush: Painter not active
QPainter::setPen: Painter not active
QPainter::setBrush: Painter not active
QPainter::setPen: Painter not active
QPainter::setBrush: Painter not active
QPainter::setPen: Painter not active
QPainter::setBrush: Painter not active
QPainter::setPen: Painter not active
QPainter::setBrush: Painter not active
QPainter::setPen: Painter not active
QPainter::setBrush: Painter not active
QPainter::setPen: Painter not active
QPainter::setBrush: Painter not active
QPainter::setPen: Painter not active
QPainter::setBrush: Painter not active
QPainter::setPen: Painter not active
QPainter::setBrush: Painter not active
QPainter::setPen: Painter not active
QPainter::setBrush: Painter not active
QPainter::setPen: Painter not active
QPainter::setBrush: Painter not active
QPainter::setPen: Painter not active
QPainter::setBrush: Painter not active
QPainter::setPen: Painter not active
QPainter::setBrush: Painter not active
QPainter::setPen: Painter not active
QPainter::setBrush: Painter not active
QPainter::setPen: Painter not active
QPainter::setBrush: Painter not active
QPainter::setPen: Painter not active
QPainter::setBrush: Painter not active
QPainter::setPen: Painter not active
QPainter::setBrush: Painter not active
QPainter::setPen: Painter not active
QPainter::setBrush: Painter not active
QPainter::setPen: Painter not active
QPainter::setBrush: Painter not active
QPainter::setPen: Painter not active
QPainter::setBrush: Painter not active
QPainter::setPen: Painter not active
QPainter::setBrush: Painter not active
QPainter::setPen: Painter not active
QPainter::setBrush: Painter not active
QPainter::setPen: Painter not active
QPainter::setBrush: Painter not active
QPainter::setPen: Painter not active
QPainter::setBrush: Painter not active
QPainter::setPen: Painter not active
QPainter::setBrush: Painter not active
QPainter::setPen: Painter not active
QPainter::setBrush: Painter not active
QPainter::setPen: Painter not active
QPainter::setBrush: Painter not active
QPainter::setPen: Painter not active
QPainter::setBrush: Painter not active
QPainter::setPen: Painter not active
QPainter::setBrush: Painter not active
QPainter::setPen: Painter not active
QPainter::setBrush: Painter not active
QPainter::setPen: Painter not active
QPainter::setBrush: Painter not active
QPainter::setPen: Painter not active
QPainter::setBrush: Painter not active
QPainter::setPen: Painter not active
QPainter::setBrush: Painter not active
QPainter::setPen: Painter not active
QPainter::setBrush: Painter not active
QPainter::setPen: Painter not active
QPainter::setBrush: Painter not active
QPainter::setPen: Painter not active
QPainter::setBrush: Painter not active
QPainter::setPen: Painter not active
QPainter::setBrush: Painter not active
QPainter::setPen: Painter not active
QPainter::setBrush: Painter not active
QPainter::setPen: Painter not active
QPainter::setBrush: Painter not active
QPainter::setPen: Painter not active
QPainter::setBrush: Painter not active
QPainter::setPen: Painter not active
QPainter::setBrush: Painter not active
QPainter::setPen: Painter not active
QPainter::setBrush: Painter not active
QPainter::setPen: Painter not active
QPainter::setBrush: Painter not active
QPainter::setPen: Painter not active
QPainter::setBrush: Painter not active
QPainter::setPen: Painter not active
QPainter::setBrush: Painter not active
QPainter::setPen: Painter not active
QPainter::setBrush: Painter not active
QPainter::setPen: Painter not active
QPainter::setBrush: Painter not active
QPainter::setPen: Painter not active
QPainter::setBrush: Painter not active
QPainter::setPen: Painter not active
QPainter::setBrush: Painter not active
QPainter::setPen: Painter not active
QPainter::setBrush: Painter not active
QPainter::setPen: Painter not active
QPainter::setBrush: Painter not active
QPainter::setPen: Painter not active
QPainter::setBrush: Painter not active
QPainter::setPen: Painter not active
QPainter::setBrush: Painter not active
QPainter::setPen: Painter not active
QPainter::setBrush: Painter not active
QPainter::setPen: Painter not active
QPainter::setBrush: Painter not active
QPainter::setPen: Painter not active
QPainter::setBrush: Painter not active
QPainter::setPen: Painter not active
QPainter::setBrush: Painter not active
QPainter::setPen: Painter not active
QPainter::setBrush: Painter not active
QPainter::setPen: Painter not active
QPainter::setBrush: Painter not active
QPainter::setPen: Painter not active
QPainter::setBrush: Painter not active
QPainter::setPen: Painter not active
QPainter::setBrush: Painter not active
QPainter::setPen: Painter not active
QPainter::setBrush: Painter not active
QPainter::setPen: Painter not active
QPainter::setBrush: Painter not active
QPainter::setPen: Painter not active
QPainter::setBrush: Painter not active
QPainter::setPen: Painter not active
QPainter::setBrush: Painter not active
QPainter::setPen: Painter not active
QPainter::setBrush: Painter not active
QPainter::setPen: Painter not active
QPainter::setBrush: Painter not active
QPainter::setPen: Painter not active
QPainter::setBrush: Painter not active
QPainter::setPen: Painter not active
QPainter::setBrush: Painter not active
QPainter::setPen: Painter not active
QPainter::setBrush: Painter not active
QPainter::setPen: Painter not active
QPainter::setBrush: Painter not active
QPainter::setPen: Painter not active
QPainter::setBrush: Painter not active
QPainter::setPen: Painter not active
QPainter::setBrush: Painter not active
QPainter::setPen: Painter not active
QPainter::setBrush: Painter not active
QPainter::setPen: Painter not active
QPainter::setBrush: Painter not active
QPainter::setPen: Painter not active
QPainter::setBrush: Painter not active
QPainter::setPen: Painter not active
QPainter::setBrush: Painter not active
QPainter::setPen: Painter not active
QPainter::setBrush: Painter not active
QPainter::setPen: Painter not active
QPainter::setBrush: Painter not active
QPainter::setPen: Painter not active
QPainter::setBrush: Painter not active
QPainter::setPen: Painter not active
QPainter::setBrush: Painter not active
QPainter::setPen: Painter not active
QPainter::end: Painter not active, aborted
